2026-06-19 18:11:29,287 INFO Log file: C:\Users\itsme\Documents\Projects\weather-forecast\outputs\jatinangor\logs\sync-observations_20260619_181129.log
2026-06-19 18:11:29,287 INFO Output dir: C:\Users\itsme\Documents\Projects\weather-forecast\outputs\jatinangor
2026-06-19 18:11:29,287 INFO Metadata lokasi: slug=jatinangor adm4=32.11.15.2002 bmkg_point=Hegarmanah area_level=kecamatan proxy_bmkg=True
2026-06-19 18:11:29,287 INFO Koordinat: lat=-6.938 lon=107.7556 timezone=Asia/Jakarta
2026-06-19 18:11:29,287 INFO Catatan lokasi: BMKG representative point: Hegarmanah, Kecamatan Jatinangor
2026-06-19 18:11:29,292 DEBUG OBSERVATION_ARCHIVE HTTP attempt 1 https://archive-api.open-meteo.com/v1/archive?latitude=-6.938&longitude=107.7556&timezone=Asia%2FJakarta&start_date=2026-06-01&end_date=2026-06-01&hourly=temperature_2m%2Crelative_humidity_2m%2Cprecipitation%2Cweather_code%2Cwind_speed_10m
2026-06-19 18:11:30,247 INFO Observasi tersimpan untuk 2026-06-01 (24 rows)
2026-06-19 18:11:30,248 DEBUG OBSERVATION_ARCHIVE HTTP attempt 1 https://archive-api.open-meteo.com/v1/archive?latitude=-6.938&longitude=107.7556&timezone=Asia%2FJakarta&start_date=2026-06-02&end_date=2026-06-02&hourly=temperature_2m%2Crelative_humidity_2m%2Cprecipitation%2Cweather_code%2Cwind_speed_10m
2026-06-19 18:11:31,175 INFO Observasi tersimpan untuk 2026-06-02 (24 rows)
2026-06-19 18:11:31,175 DEBUG OBSERVATION_ARCHIVE HTTP attempt 1 https://archive-api.open-meteo.com/v1/archive?latitude=-6.938&longitude=107.7556&timezone=Asia%2FJakarta&start_date=2026-06-03&end_date=2026-06-03&hourly=temperature_2m%2Crelative_humidity_2m%2Cprecipitation%2Cweather_code%2Cwind_speed_10m
2026-06-19 18:11:32,129 INFO Observasi tersimpan untuk 2026-06-03 (24 rows)
2026-06-19 18:11:32,129 DEBUG OBSERVATION_ARCHIVE HTTP attempt 1 https://archive-api.open-meteo.com/v1/archive?latitude=-6.938&longitude=107.7556&timezone=Asia%2FJakarta&start_date=2026-06-04&end_date=2026-06-04&hourly=temperature_2m%2Crelative_humidity_2m%2Cprecipitation%2Cweather_code%2Cwind_speed_10m
2026-06-19 18:11:33,668 INFO Observasi tersimpan untuk 2026-06-04 (24 rows)
2026-06-19 18:11:33,668 DEBUG OBSERVATION_ARCHIVE HTTP attempt 1 https://archive-api.open-meteo.com/v1/archive?latitude=-6.938&longitude=107.7556&timezone=Asia%2FJakarta&start_date=2026-06-05&end_date=2026-06-05&hourly=temperature_2m%2Crelative_humidity_2m%2Cprecipitation%2Cweather_code%2Cwind_speed_10m
2026-06-19 18:11:36,293 INFO Observasi tersimpan untuk 2026-06-05 (24 rows)
2026-06-19 18:11:36,294 DEBUG OBSERVATION_ARCHIVE HTTP attempt 1 https://archive-api.open-meteo.com/v1/archive?latitude=-6.938&longitude=107.7556&timezone=Asia%2FJakarta&start_date=2026-06-06&end_date=2026-06-06&hourly=temperature_2m%2Crelative_humidity_2m%2Cprecipitation%2Cweather_code%2Cwind_speed_10m
2026-06-19 18:11:37,279 INFO Observasi tersimpan untuk 2026-06-06 (24 rows)
2026-06-19 18:11:37,280 DEBUG OBSERVATION_ARCHIVE HTTP attempt 1 https://archive-api.open-meteo.com/v1/archive?latitude=-6.938&longitude=107.7556&timezone=Asia%2FJakarta&start_date=2026-06-07&end_date=2026-06-07&hourly=temperature_2m%2Crelative_humidity_2m%2Cprecipitation%2Cweather_code%2Cwind_speed_10m
2026-06-19 18:11:38,158 INFO Observasi tersimpan untuk 2026-06-07 (24 rows)
2026-06-19 18:11:38,158 DEBUG OBSERVATION_ARCHIVE HTTP attempt 1 https://archive-api.open-meteo.com/v1/archive?latitude=-6.938&longitude=107.7556&timezone=Asia%2FJakarta&start_date=2026-06-08&end_date=2026-06-08&hourly=temperature_2m%2Crelative_humidity_2m%2Cprecipitation%2Cweather_code%2Cwind_speed_10m
2026-06-19 18:11:39,008 INFO Observasi tersimpan untuk 2026-06-08 (24 rows)
2026-06-19 18:11:39,009 DEBUG OBSERVATION_ARCHIVE HTTP attempt 1 https://archive-api.open-meteo.com/v1/archive?latitude=-6.938&longitude=107.7556&timezone=Asia%2FJakarta&start_date=2026-06-09&end_date=2026-06-09&hourly=temperature_2m%2Crelative_humidity_2m%2Cprecipitation%2Cweather_code%2Cwind_speed_10m
2026-06-19 18:11:40,415 INFO Observasi tersimpan untuk 2026-06-09 (24 rows)
2026-06-19 18:11:40,416 DEBUG OBSERVATION_ARCHIVE HTTP attempt 1 https://archive-api.open-meteo.com/v1/archive?latitude=-6.938&longitude=107.7556&timezone=Asia%2FJakarta&start_date=2026-06-10&end_date=2026-06-10&hourly=temperature_2m%2Crelative_humidity_2m%2Cprecipitation%2Cweather_code%2Cwind_speed_10m
2026-06-19 18:11:43,094 INFO Observasi tersimpan untuk 2026-06-10 (24 rows)
2026-06-19 18:11:43,094 DEBUG OBSERVATION_ARCHIVE HTTP attempt 1 https://archive-api.open-meteo.com/v1/archive?latitude=-6.938&longitude=107.7556&timezone=Asia%2FJakarta&start_date=2026-06-11&end_date=2026-06-11&hourly=temperature_2m%2Crelative_humidity_2m%2Cprecipitation%2Cweather_code%2Cwind_speed_10m
2026-06-19 18:11:44,023 INFO Observasi tersimpan untuk 2026-06-11 (24 rows)
2026-06-19 18:11:44,023 DEBUG OBSERVATION_ARCHIVE HTTP attempt 1 https://archive-api.open-meteo.com/v1/archive?latitude=-6.938&longitude=107.7556&timezone=Asia%2FJakarta&start_date=2026-06-12&end_date=2026-06-12&hourly=temperature_2m%2Crelative_humidity_2m%2Cprecipitation%2Cweather_code%2Cwind_speed_10m
2026-06-19 18:11:46,199 INFO Observasi tersimpan untuk 2026-06-12 (24 rows)
2026-06-19 18:11:46,199 DEBUG OBSERVATION_ARCHIVE HTTP attempt 1 https://archive-api.open-meteo.com/v1/archive?latitude=-6.938&longitude=107.7556&timezone=Asia%2FJakarta&start_date=2026-06-13&end_date=2026-06-13&hourly=temperature_2m%2Crelative_humidity_2m%2Cprecipitation%2Cweather_code%2Cwind_speed_10m
2026-06-19 18:11:49,401 INFO Observasi tersimpan untuk 2026-06-13 (24 rows)
2026-06-19 18:11:49,401 DEBUG OBSERVATION_ARCHIVE HTTP attempt 1 https://archive-api.open-meteo.com/v1/archive?latitude=-6.938&longitude=107.7556&timezone=Asia%2FJakarta&start_date=2026-06-14&end_date=2026-06-14&hourly=temperature_2m%2Crelative_humidity_2m%2Cprecipitation%2Cweather_code%2Cwind_speed_10m
2026-06-19 18:11:50,319 INFO Observasi tersimpan untuk 2026-06-14 (24 rows)
