2026-06-19 19:24:54,733 INFO Log file: C:\Users\itsme\Documents\Projects\weather-forecast\outputs\jatinangor\logs\sync-observations_20260619_192454.log
2026-06-19 19:24:54,733 INFO Output dir: C:\Users\itsme\Documents\Projects\weather-forecast\outputs\jatinangor
2026-06-19 19:24:54,733 INFO Metadata lokasi: slug=jatinangor adm4=32.11.15.2002 bmkg_point=Hegarmanah area_level=kecamatan proxy_bmkg=True
2026-06-19 19:24:54,734 INFO Koordinat: lat=-6.938 lon=107.7556 timezone=Asia/Jakarta
2026-06-19 19:24:54,734 INFO Catatan lokasi: BMKG representative point: Hegarmanah, Kecamatan Jatinangor
2026-06-19 19:24:54,739 DEBUG OBSERVATION_ARCHIVE HTTP attempt 1 https://archive-api.open-meteo.com/v1/archive?latitude=-6.938&longitude=107.7556&timezone=Asia%2FJakarta&start_date=2026-06-01&end_date=2026-06-01&hourly=temperature_2m%2Crelative_humidity_2m%2Cprecipitation%2Cweather_code%2Cwind_speed_10m
2026-06-19 19:24:55,698 INFO Observasi tersimpan untuk 2026-06-01 (24 rows)
2026-06-19 19:24:55,698 DEBUG OBSERVATION_ARCHIVE HTTP attempt 1 https://archive-api.open-meteo.com/v1/archive?latitude=-6.938&longitude=107.7556&timezone=Asia%2FJakarta&start_date=2026-06-02&end_date=2026-06-02&hourly=temperature_2m%2Crelative_humidity_2m%2Cprecipitation%2Cweather_code%2Cwind_speed_10m
2026-06-19 19:24:57,957 INFO Observasi tersimpan untuk 2026-06-02 (24 rows)
2026-06-19 19:24:57,957 DEBUG OBSERVATION_ARCHIVE HTTP attempt 1 https://archive-api.open-meteo.com/v1/archive?latitude=-6.938&longitude=107.7556&timezone=Asia%2FJakarta&start_date=2026-06-03&end_date=2026-06-03&hourly=temperature_2m%2Crelative_humidity_2m%2Cprecipitation%2Cweather_code%2Cwind_speed_10m
2026-06-19 19:25:00,399 INFO Observasi tersimpan untuk 2026-06-03 (24 rows)
2026-06-19 19:25:00,399 DEBUG OBSERVATION_ARCHIVE HTTP attempt 1 https://archive-api.open-meteo.com/v1/archive?latitude=-6.938&longitude=107.7556&timezone=Asia%2FJakarta&start_date=2026-06-04&end_date=2026-06-04&hourly=temperature_2m%2Crelative_humidity_2m%2Cprecipitation%2Cweather_code%2Cwind_speed_10m
2026-06-19 19:25:01,320 INFO Observasi tersimpan untuk 2026-06-04 (24 rows)
2026-06-19 19:25:01,320 DEBUG OBSERVATION_ARCHIVE HTTP attempt 1 https://archive-api.open-meteo.com/v1/archive?latitude=-6.938&longitude=107.7556&timezone=Asia%2FJakarta&start_date=2026-06-05&end_date=2026-06-05&hourly=temperature_2m%2Crelative_humidity_2m%2Cprecipitation%2Cweather_code%2Cwind_speed_10m
2026-06-19 19:25:02,205 INFO Observasi tersimpan untuk 2026-06-05 (24 rows)
2026-06-19 19:25:02,206 DEBUG OBSERVATION_ARCHIVE HTTP attempt 1 https://archive-api.open-meteo.com/v1/archive?latitude=-6.938&longitude=107.7556&timezone=Asia%2FJakarta&start_date=2026-06-06&end_date=2026-06-06&hourly=temperature_2m%2Crelative_humidity_2m%2Cprecipitation%2Cweather_code%2Cwind_speed_10m
2026-06-19 19:25:04,477 INFO Observasi tersimpan untuk 2026-06-06 (24 rows)
2026-06-19 19:25:04,477 DEBUG OBSERVATION_ARCHIVE HTTP attempt 1 https://archive-api.open-meteo.com/v1/archive?latitude=-6.938&longitude=107.7556&timezone=Asia%2FJakarta&start_date=2026-06-07&end_date=2026-06-07&hourly=temperature_2m%2Crelative_humidity_2m%2Cprecipitation%2Cweather_code%2Cwind_speed_10m
2026-06-19 19:25:06,858 INFO Observasi tersimpan untuk 2026-06-07 (24 rows)
2026-06-19 19:25:06,858 DEBUG OBSERVATION_ARCHIVE HTTP attempt 1 https://archive-api.open-meteo.com/v1/archive?latitude=-6.938&longitude=107.7556&timezone=Asia%2FJakarta&start_date=2026-06-08&end_date=2026-06-08&hourly=temperature_2m%2Crelative_humidity_2m%2Cprecipitation%2Cweather_code%2Cwind_speed_10m
2026-06-19 19:25:08,524 INFO Observasi tersimpan untuk 2026-06-08 (24 rows)
2026-06-19 19:25:08,524 DEBUG OBSERVATION_ARCHIVE HTTP attempt 1 https://archive-api.open-meteo.com/v1/archive?latitude=-6.938&longitude=107.7556&timezone=Asia%2FJakarta&start_date=2026-06-09&end_date=2026-06-09&hourly=temperature_2m%2Crelative_humidity_2m%2Cprecipitation%2Cweather_code%2Cwind_speed_10m
2026-06-19 19:25:09,458 INFO Observasi tersimpan untuk 2026-06-09 (24 rows)
2026-06-19 19:25:09,458 DEBUG OBSERVATION_ARCHIVE HTTP attempt 1 https://archive-api.open-meteo.com/v1/archive?latitude=-6.938&longitude=107.7556&timezone=Asia%2FJakarta&start_date=2026-06-10&end_date=2026-06-10&hourly=temperature_2m%2Crelative_humidity_2m%2Cprecipitation%2Cweather_code%2Cwind_speed_10m
2026-06-19 19:25:10,453 INFO Observasi tersimpan untuk 2026-06-10 (24 rows)
2026-06-19 19:25:10,453 DEBUG OBSERVATION_ARCHIVE HTTP attempt 1 https://archive-api.open-meteo.com/v1/archive?latitude=-6.938&longitude=107.7556&timezone=Asia%2FJakarta&start_date=2026-06-11&end_date=2026-06-11&hourly=temperature_2m%2Crelative_humidity_2m%2Cprecipitation%2Cweather_code%2Cwind_speed_10m
2026-06-19 19:25:12,625 INFO Observasi tersimpan untuk 2026-06-11 (24 rows)
2026-06-19 19:25:12,625 DEBUG OBSERVATION_ARCHIVE HTTP attempt 1 https://archive-api.open-meteo.com/v1/archive?latitude=-6.938&longitude=107.7556&timezone=Asia%2FJakarta&start_date=2026-06-12&end_date=2026-06-12&hourly=temperature_2m%2Crelative_humidity_2m%2Cprecipitation%2Cweather_code%2Cwind_speed_10m
2026-06-19 19:25:15,030 INFO Observasi tersimpan untuk 2026-06-12 (24 rows)
2026-06-19 19:25:15,030 DEBUG OBSERVATION_ARCHIVE HTTP attempt 1 https://archive-api.open-meteo.com/v1/archive?latitude=-6.938&longitude=107.7556&timezone=Asia%2FJakarta&start_date=2026-06-13&end_date=2026-06-13&hourly=temperature_2m%2Crelative_humidity_2m%2Cprecipitation%2Cweather_code%2Cwind_speed_10m
2026-06-19 19:25:16,049 INFO Observasi tersimpan untuk 2026-06-13 (24 rows)
2026-06-19 19:25:16,049 DEBUG OBSERVATION_ARCHIVE HTTP attempt 1 https://archive-api.open-meteo.com/v1/archive?latitude=-6.938&longitude=107.7556&timezone=Asia%2FJakarta&start_date=2026-06-14&end_date=2026-06-14&hourly=temperature_2m%2Crelative_humidity_2m%2Cprecipitation%2Cweather_code%2Cwind_speed_10m
2026-06-19 19:25:16,901 INFO Observasi tersimpan untuk 2026-06-14 (24 rows)
