2026-06-19 19:25:16,907 INFO Log file: C:\Users\itsme\Documents\Projects\weather-forecast\outputs\arjawinangun\logs\sync-observations_20260619_192516.log
2026-06-19 19:25:16,907 INFO Output dir: C:\Users\itsme\Documents\Projects\weather-forecast\outputs\arjawinangun
2026-06-19 19:25:16,907 INFO Metadata lokasi: slug=arjawinangun adm4=32.09.24.2004 bmkg_point=Arjawinangun area_level=kecamatan proxy_bmkg=False
2026-06-19 19:25:16,908 INFO Koordinat: lat=-6.6453 lon=108.4103 timezone=Asia/Jakarta
2026-06-19 19:25:16,908 INFO Catatan lokasi: BMKG point: Arjawinangun, Kecamatan Arjawinangun
2026-06-19 19:25:16,912 DEBUG OBSERVATION_ARCHIVE HTTP attempt 1 https://archive-api.open-meteo.com/v1/archive?latitude=-6.6453&longitude=108.4103&timezone=Asia%2FJakarta&start_date=2026-06-01&end_date=2026-06-01&hourly=temperature_2m%2Crelative_humidity_2m%2Cprecipitation%2Cweather_code%2Cwind_speed_10m
2026-06-19 19:25:19,509 INFO Observasi tersimpan untuk 2026-06-01 (24 rows)
2026-06-19 19:25:19,509 DEBUG OBSERVATION_ARCHIVE HTTP attempt 1 https://archive-api.open-meteo.com/v1/archive?latitude=-6.6453&longitude=108.4103&timezone=Asia%2FJakarta&start_date=2026-06-02&end_date=2026-06-02&hourly=temperature_2m%2Crelative_humidity_2m%2Cprecipitation%2Cweather_code%2Cwind_speed_10m
2026-06-19 19:25:21,937 INFO Observasi tersimpan untuk 2026-06-02 (24 rows)
2026-06-19 19:25:21,937 DEBUG OBSERVATION_ARCHIVE HTTP attempt 1 https://archive-api.open-meteo.com/v1/archive?latitude=-6.6453&longitude=108.4103&timezone=Asia%2FJakarta&start_date=2026-06-03&end_date=2026-06-03&hourly=temperature_2m%2Crelative_humidity_2m%2Cprecipitation%2Cweather_code%2Cwind_speed_10m
2026-06-19 19:25:22,831 INFO Observasi tersimpan untuk 2026-06-03 (24 rows)
2026-06-19 19:25:22,831 DEBUG OBSERVATION_ARCHIVE HTTP attempt 1 https://archive-api.open-meteo.com/v1/archive?latitude=-6.6453&longitude=108.4103&timezone=Asia%2FJakarta&start_date=2026-06-04&end_date=2026-06-04&hourly=temperature_2m%2Crelative_humidity_2m%2Cprecipitation%2Cweather_code%2Cwind_speed_10m
2026-06-19 19:25:23,720 INFO Observasi tersimpan untuk 2026-06-04 (24 rows)
2026-06-19 19:25:23,720 DEBUG OBSERVATION_ARCHIVE HTTP attempt 1 https://archive-api.open-meteo.com/v1/archive?latitude=-6.6453&longitude=108.4103&timezone=Asia%2FJakarta&start_date=2026-06-05&end_date=2026-06-05&hourly=temperature_2m%2Crelative_humidity_2m%2Cprecipitation%2Cweather_code%2Cwind_speed_10m
2026-06-19 19:25:26,089 INFO Observasi tersimpan untuk 2026-06-05 (24 rows)
2026-06-19 19:25:26,090 DEBUG OBSERVATION_ARCHIVE HTTP attempt 1 https://archive-api.open-meteo.com/v1/archive?latitude=-6.6453&longitude=108.4103&timezone=Asia%2FJakarta&start_date=2026-06-06&end_date=2026-06-06&hourly=temperature_2m%2Crelative_humidity_2m%2Cprecipitation%2Cweather_code%2Cwind_speed_10m
2026-06-19 19:25:28,512 INFO Observasi tersimpan untuk 2026-06-06 (24 rows)
2026-06-19 19:25:28,512 DEBUG OBSERVATION_ARCHIVE HTTP attempt 1 https://archive-api.open-meteo.com/v1/archive?latitude=-6.6453&longitude=108.4103&timezone=Asia%2FJakarta&start_date=2026-06-07&end_date=2026-06-07&hourly=temperature_2m%2Crelative_humidity_2m%2Cprecipitation%2Cweather_code%2Cwind_speed_10m
2026-06-19 19:25:29,418 INFO Observasi tersimpan untuk 2026-06-07 (24 rows)
2026-06-19 19:25:29,419 DEBUG OBSERVATION_ARCHIVE HTTP attempt 1 https://archive-api.open-meteo.com/v1/archive?latitude=-6.6453&longitude=108.4103&timezone=Asia%2FJakarta&start_date=2026-06-08&end_date=2026-06-08&hourly=temperature_2m%2Crelative_humidity_2m%2Cprecipitation%2Cweather_code%2Cwind_speed_10m
2026-06-19 19:25:30,298 INFO Observasi tersimpan untuk 2026-06-08 (24 rows)
2026-06-19 19:25:30,298 DEBUG OBSERVATION_ARCHIVE HTTP attempt 1 https://archive-api.open-meteo.com/v1/archive?latitude=-6.6453&longitude=108.4103&timezone=Asia%2FJakarta&start_date=2026-06-09&end_date=2026-06-09&hourly=temperature_2m%2Crelative_humidity_2m%2Cprecipitation%2Cweather_code%2Cwind_speed_10m
2026-06-19 19:25:31,159 INFO Observasi tersimpan untuk 2026-06-09 (24 rows)
2026-06-19 19:25:31,160 DEBUG OBSERVATION_ARCHIVE HTTP attempt 1 https://archive-api.open-meteo.com/v1/archive?latitude=-6.6453&longitude=108.4103&timezone=Asia%2FJakarta&start_date=2026-06-10&end_date=2026-06-10&hourly=temperature_2m%2Crelative_humidity_2m%2Cprecipitation%2Cweather_code%2Cwind_speed_10m
2026-06-19 19:25:33,846 INFO Observasi tersimpan untuk 2026-06-10 (24 rows)
2026-06-19 19:25:33,846 DEBUG OBSERVATION_ARCHIVE HTTP attempt 1 https://archive-api.open-meteo.com/v1/archive?latitude=-6.6453&longitude=108.4103&timezone=Asia%2FJakarta&start_date=2026-06-11&end_date=2026-06-11&hourly=temperature_2m%2Crelative_humidity_2m%2Cprecipitation%2Cweather_code%2Cwind_speed_10m
2026-06-19 19:25:36,239 INFO Observasi tersimpan untuk 2026-06-11 (24 rows)
2026-06-19 19:25:36,239 DEBUG OBSERVATION_ARCHIVE HTTP attempt 1 https://archive-api.open-meteo.com/v1/archive?latitude=-6.6453&longitude=108.4103&timezone=Asia%2FJakarta&start_date=2026-06-12&end_date=2026-06-12&hourly=temperature_2m%2Crelative_humidity_2m%2Cprecipitation%2Cweather_code%2Cwind_speed_10m
2026-06-19 19:25:37,515 INFO Observasi tersimpan untuk 2026-06-12 (24 rows)
2026-06-19 19:25:37,515 DEBUG OBSERVATION_ARCHIVE HTTP attempt 1 https://archive-api.open-meteo.com/v1/archive?latitude=-6.6453&longitude=108.4103&timezone=Asia%2FJakarta&start_date=2026-06-13&end_date=2026-06-13&hourly=temperature_2m%2Crelative_humidity_2m%2Cprecipitation%2Cweather_code%2Cwind_speed_10m
2026-06-19 19:25:38,436 INFO Observasi tersimpan untuk 2026-06-13 (24 rows)
2026-06-19 19:25:38,436 DEBUG OBSERVATION_ARCHIVE HTTP attempt 1 https://archive-api.open-meteo.com/v1/archive?latitude=-6.6453&longitude=108.4103&timezone=Asia%2FJakarta&start_date=2026-06-14&end_date=2026-06-14&hourly=temperature_2m%2Crelative_humidity_2m%2Cprecipitation%2Cweather_code%2Cwind_speed_10m
2026-06-19 19:25:39,355 INFO Observasi tersimpan untuk 2026-06-14 (24 rows)
