2026-06-19 18:11:50,324 INFO Log file: C:\Users\itsme\Documents\Projects\weather-forecast\outputs\arjawinangun\logs\sync-observations_20260619_181150.log
2026-06-19 18:11:50,325 INFO Output dir: C:\Users\itsme\Documents\Projects\weather-forecast\outputs\arjawinangun
2026-06-19 18:11:50,325 INFO Metadata lokasi: slug=arjawinangun adm4=32.09.24.2004 bmkg_point=Arjawinangun area_level=kecamatan proxy_bmkg=False
2026-06-19 18:11:50,325 INFO Koordinat: lat=-6.6453 lon=108.4103 timezone=Asia/Jakarta
2026-06-19 18:11:50,325 INFO Catatan lokasi: BMKG point: Arjawinangun, Kecamatan Arjawinangun
2026-06-19 18:11:50,330 DEBUG OBSERVATION_ARCHIVE HTTP attempt 1 https://archive-api.open-meteo.com/v1/archive?latitude=-6.6453&longitude=108.4103&timezone=Asia%2FJakarta&start_date=2026-06-01&end_date=2026-06-01&hourly=temperature_2m%2Crelative_humidity_2m%2Cprecipitation%2Cweather_code%2Cwind_speed_10m
2026-06-19 18:11:52,613 INFO Observasi tersimpan untuk 2026-06-01 (24 rows)
2026-06-19 18:11:52,613 DEBUG OBSERVATION_ARCHIVE HTTP attempt 1 https://archive-api.open-meteo.com/v1/archive?latitude=-6.6453&longitude=108.4103&timezone=Asia%2FJakarta&start_date=2026-06-02&end_date=2026-06-02&hourly=temperature_2m%2Crelative_humidity_2m%2Cprecipitation%2Cweather_code%2Cwind_speed_10m
2026-06-19 18:11:55,186 INFO Observasi tersimpan untuk 2026-06-02 (24 rows)
2026-06-19 18:11:55,186 DEBUG OBSERVATION_ARCHIVE HTTP attempt 1 https://archive-api.open-meteo.com/v1/archive?latitude=-6.6453&longitude=108.4103&timezone=Asia%2FJakarta&start_date=2026-06-03&end_date=2026-06-03&hourly=temperature_2m%2Crelative_humidity_2m%2Cprecipitation%2Cweather_code%2Cwind_speed_10m
2026-06-19 18:11:56,172 INFO Observasi tersimpan untuk 2026-06-03 (24 rows)
2026-06-19 18:11:56,172 DEBUG OBSERVATION_ARCHIVE HTTP attempt 1 https://archive-api.open-meteo.com/v1/archive?latitude=-6.6453&longitude=108.4103&timezone=Asia%2FJakarta&start_date=2026-06-04&end_date=2026-06-04&hourly=temperature_2m%2Crelative_humidity_2m%2Cprecipitation%2Cweather_code%2Cwind_speed_10m
2026-06-19 18:11:57,083 INFO Observasi tersimpan untuk 2026-06-04 (24 rows)
2026-06-19 18:11:57,083 DEBUG OBSERVATION_ARCHIVE HTTP attempt 1 https://archive-api.open-meteo.com/v1/archive?latitude=-6.6453&longitude=108.4103&timezone=Asia%2FJakarta&start_date=2026-06-05&end_date=2026-06-05&hourly=temperature_2m%2Crelative_humidity_2m%2Cprecipitation%2Cweather_code%2Cwind_speed_10m
2026-06-19 18:11:57,913 INFO Observasi tersimpan untuk 2026-06-05 (24 rows)
2026-06-19 18:11:57,913 DEBUG OBSERVATION_ARCHIVE HTTP attempt 1 https://archive-api.open-meteo.com/v1/archive?latitude=-6.6453&longitude=108.4103&timezone=Asia%2FJakarta&start_date=2026-06-06&end_date=2026-06-06&hourly=temperature_2m%2Crelative_humidity_2m%2Cprecipitation%2Cweather_code%2Cwind_speed_10m
2026-06-19 18:11:59,459 INFO Observasi tersimpan untuk 2026-06-06 (24 rows)
2026-06-19 18:11:59,459 DEBUG OBSERVATION_ARCHIVE HTTP attempt 1 https://archive-api.open-meteo.com/v1/archive?latitude=-6.6453&longitude=108.4103&timezone=Asia%2FJakarta&start_date=2026-06-07&end_date=2026-06-07&hourly=temperature_2m%2Crelative_humidity_2m%2Cprecipitation%2Cweather_code%2Cwind_speed_10m
2026-06-19 18:12:02,087 INFO Observasi tersimpan untuk 2026-06-07 (24 rows)
2026-06-19 18:12:02,087 DEBUG OBSERVATION_ARCHIVE HTTP attempt 1 https://archive-api.open-meteo.com/v1/archive?latitude=-6.6453&longitude=108.4103&timezone=Asia%2FJakarta&start_date=2026-06-08&end_date=2026-06-08&hourly=temperature_2m%2Crelative_humidity_2m%2Cprecipitation%2Cweather_code%2Cwind_speed_10m
2026-06-19 18:12:03,150 INFO Observasi tersimpan untuk 2026-06-08 (24 rows)
2026-06-19 18:12:03,151 DEBUG OBSERVATION_ARCHIVE HTTP attempt 1 https://archive-api.open-meteo.com/v1/archive?latitude=-6.6453&longitude=108.4103&timezone=Asia%2FJakarta&start_date=2026-06-09&end_date=2026-06-09&hourly=temperature_2m%2Crelative_humidity_2m%2Cprecipitation%2Cweather_code%2Cwind_speed_10m
2026-06-19 18:12:04,046 INFO Observasi tersimpan untuk 2026-06-09 (24 rows)
2026-06-19 18:12:04,046 DEBUG OBSERVATION_ARCHIVE HTTP attempt 1 https://archive-api.open-meteo.com/v1/archive?latitude=-6.6453&longitude=108.4103&timezone=Asia%2FJakarta&start_date=2026-06-10&end_date=2026-06-10&hourly=temperature_2m%2Crelative_humidity_2m%2Cprecipitation%2Cweather_code%2Cwind_speed_10m
2026-06-19 18:12:04,924 INFO Observasi tersimpan untuk 2026-06-10 (24 rows)
2026-06-19 18:12:04,924 DEBUG OBSERVATION_ARCHIVE HTTP attempt 1 https://archive-api.open-meteo.com/v1/archive?latitude=-6.6453&longitude=108.4103&timezone=Asia%2FJakarta&start_date=2026-06-11&end_date=2026-06-11&hourly=temperature_2m%2Crelative_humidity_2m%2Cprecipitation%2Cweather_code%2Cwind_speed_10m
2026-06-19 18:12:07,136 INFO Observasi tersimpan untuk 2026-06-11 (24 rows)
2026-06-19 18:12:07,137 DEBUG OBSERVATION_ARCHIVE HTTP attempt 1 https://archive-api.open-meteo.com/v1/archive?latitude=-6.6453&longitude=108.4103&timezone=Asia%2FJakarta&start_date=2026-06-12&end_date=2026-06-12&hourly=temperature_2m%2Crelative_humidity_2m%2Cprecipitation%2Cweather_code%2Cwind_speed_10m
2026-06-19 18:12:09,870 INFO Observasi tersimpan untuk 2026-06-12 (24 rows)
2026-06-19 18:12:09,870 DEBUG OBSERVATION_ARCHIVE HTTP attempt 1 https://archive-api.open-meteo.com/v1/archive?latitude=-6.6453&longitude=108.4103&timezone=Asia%2FJakarta&start_date=2026-06-13&end_date=2026-06-13&hourly=temperature_2m%2Crelative_humidity_2m%2Cprecipitation%2Cweather_code%2Cwind_speed_10m
2026-06-19 18:12:10,742 INFO Observasi tersimpan untuk 2026-06-13 (24 rows)
2026-06-19 18:12:10,743 DEBUG OBSERVATION_ARCHIVE HTTP attempt 1 https://archive-api.open-meteo.com/v1/archive?latitude=-6.6453&longitude=108.4103&timezone=Asia%2FJakarta&start_date=2026-06-14&end_date=2026-06-14&hourly=temperature_2m%2Crelative_humidity_2m%2Cprecipitation%2Cweather_code%2Cwind_speed_10m
2026-06-19 18:12:12,964 INFO Observasi tersimpan untuk 2026-06-14 (24 rows)
