2026-06-19 19:36:22,609 INFO Log file: C:\Users\itsme\Documents\Projects\weather-forecast\outputs\dago\logs\forecast_20260619_193622.log
2026-06-19 19:36:22,609 INFO Output dir: C:\Users\itsme\Documents\Projects\weather-forecast\outputs\dago
2026-06-19 19:36:22,609 INFO Metadata lokasi: slug=dago adm4=32.73.02.1004 bmkg_point=Dago area_level=kelurahan proxy_bmkg=False
2026-06-19 19:36:22,609 INFO Koordinat: lat=-6.889 lon=107.61 timezone=Asia/Jakarta
2026-06-19 19:36:22,609 INFO Catatan lokasi: BMKG point: Dago, Coblong, Kota Bandung
2026-06-19 19:36:22,613 INFO Mulai proses untuk lokasi Dago, Bandung
2026-06-19 19:36:22,613 INFO Target date: 2026-06-21
2026-06-19 19:36:22,613 INFO Target hours: 00:00, 01:00, 02:00, 03:00, 04:00, 05:00, 06:00, 07:00, 08:00, 09:00, 10:00, 11:00, 12:00, 13:00, 14:00, 15:00, 16:00, 17:00, 18:00, 19:00, 20:00, 21:00, 22:00, 23:00
2026-06-19 19:36:22,613 INFO Sumber aktif: BMKG, ECMWF, GFS, ICON, CMA, METEOFRANCE, KMA, UKMO, METNO
2026-06-19 19:36:22,614 INFO Bobot aktif: BMKG=1.767, CMA=1.158, ECMWF=1.654, GFS=1.337, ICON=1.493, KMA=0.793, METEOFRANCE=1.475, METNO=1.366, UKMO=1.329
2026-06-19 19:36:22,614 DEBUG BMKG HTTP attempt 1 https://api.bmkg.go.id/publik/prakiraan-cuaca?adm4=32.73.02.1004
2026-06-19 19:36:22,614 DEBUG ECMWF HTTP attempt 1 https://api.open-meteo.com/v1/ecmwf?latitude=-6.889&longitude=107.61&timezone=Asia%2FJakarta&forecast_days=3&hourly=temperature_2m%2Crelative_humidity_2m%2Cprecipitation%2Cweather_code%2Cwind_speed_10m%2Capparent_temperature%2Cdew_point_2m%2Cprecipitation_probability%2Crain%2Ccloud_cover%2Cpressure_msl%2Csurface_pressure%2Cwind_direction_10m%2Cwind_gusts_10m%2Cvisibility%2Ccape%2Cuv_index
2026-06-19 19:36:22,615 DEBUG GFS HTTP attempt 1 https://api.open-meteo.com/v1/gfs?latitude=-6.889&longitude=107.61&timezone=Asia%2FJakarta&forecast_days=3&hourly=temperature_2m%2Crelative_humidity_2m%2Cprecipitation%2Cweather_code%2Cwind_speed_10m%2Capparent_temperature%2Cdew_point_2m%2Cprecipitation_probability%2Crain%2Ccloud_cover%2Cpressure_msl%2Csurface_pressure%2Cwind_direction_10m%2Cwind_gusts_10m%2Cvisibility%2Ccape%2Cuv_index
2026-06-19 19:36:22,616 DEBUG ICON HTTP attempt 1 https://api.open-meteo.com/v1/dwd-icon?latitude=-6.889&longitude=107.61&timezone=Asia%2FJakarta&forecast_days=3&hourly=temperature_2m%2Crelative_humidity_2m%2Cprecipitation%2Cweather_code%2Cwind_speed_10m%2Capparent_temperature%2Cdew_point_2m%2Cprecipitation_probability%2Crain%2Ccloud_cover%2Cpressure_msl%2Csurface_pressure%2Cwind_direction_10m%2Cwind_gusts_10m%2Cvisibility%2Ccape%2Cuv_index
2026-06-19 19:36:22,757 DEBUG METNO HTTP attempt 1 https://api.met.no/weatherapi/locationforecast/2.0/compact?lat=-6.889&lon=107.61
2026-06-19 19:36:23,478 DEBUG CMA HTTP attempt 1 https://api.open-meteo.com/v1/cma?latitude=-6.889&longitude=107.61&timezone=Asia%2FJakarta&forecast_days=3&hourly=temperature_2m%2Crelative_humidity_2m%2Cprecipitation%2Cweather_code%2Cwind_speed_10m%2Capparent_temperature%2Cdew_point_2m%2Cprecipitation_probability%2Crain%2Ccloud_cover%2Cpressure_msl%2Csurface_pressure%2Cwind_direction_10m%2Cwind_gusts_10m%2Cvisibility%2Ccape%2Cuv_index
2026-06-19 19:36:23,574 DEBUG METEOFRANCE HTTP attempt 1 https://api.open-meteo.com/v1/meteofrance?latitude=-6.889&longitude=107.61&timezone=Asia%2FJakarta&forecast_days=3&hourly=temperature_2m%2Crelative_humidity_2m%2Cprecipitation%2Cweather_code%2Cwind_speed_10m%2Capparent_temperature%2Cdew_point_2m%2Cprecipitation_probability%2Crain%2Ccloud_cover%2Cpressure_msl%2Csurface_pressure%2Cwind_direction_10m%2Cwind_gusts_10m%2Cvisibility%2Ccape%2Cuv_index
2026-06-19 19:36:23,577 DEBUG KMA HTTP attempt 1 https://api.open-meteo.com/v1/forecast?latitude=-6.889&longitude=107.61&timezone=Asia%2FJakarta&forecast_days=3&hourly=temperature_2m%2Crelative_humidity_2m%2Cprecipitation%2Cweather_code%2Cwind_speed_10m%2Capparent_temperature%2Cdew_point_2m%2Cprecipitation_probability%2Crain%2Ccloud_cover%2Cpressure_msl%2Csurface_pressure%2Cwind_direction_10m%2Cwind_gusts_10m%2Cvisibility%2Ccape%2Cuv_index&models=kma_seamless
2026-06-19 19:36:24,393 DEBUG UKMO HTTP attempt 1 https://api.open-meteo.com/v1/forecast?latitude=-6.889&longitude=107.61&timezone=Asia%2FJakarta&forecast_days=3&hourly=temperature_2m%2Crelative_humidity_2m%2Cprecipitation%2Cweather_code%2Cwind_speed_10m%2Capparent_temperature%2Cdew_point_2m%2Cprecipitation_probability%2Crain%2Ccloud_cover%2Cpressure_msl%2Csurface_pressure%2Cwind_direction_10m%2Cwind_gusts_10m%2Cvisibility%2Ccape%2Cuv_index&models=ukmo_seamless
2026-06-19 19:36:25,426 DEBUG GRID_CENTER HTTP attempt 1 https://api.open-meteo.com/v1/forecast?latitude=-6.889&longitude=107.61&timezone=Asia%2FJakarta&forecast_days=3&hourly=temperature_2m%2Crelative_humidity_2m%2Cprecipitation%2Cweather_code%2Ccloud_cover%2Cwind_speed_10m
2026-06-19 19:36:26,320 DEBUG GRID_NORTH HTTP attempt 1 https://api.open-meteo.com/v1/forecast?latitude=-6.86197&longitude=107.61&timezone=Asia%2FJakarta&forecast_days=3&hourly=temperature_2m%2Crelative_humidity_2m%2Cprecipitation%2Cweather_code%2Ccloud_cover%2Cwind_speed_10m
2026-06-19 19:36:27,271 DEBUG GRID_SOUTH HTTP attempt 1 https://api.open-meteo.com/v1/forecast?latitude=-6.91603&longitude=107.61&timezone=Asia%2FJakarta&forecast_days=3&hourly=temperature_2m%2Crelative_humidity_2m%2Cprecipitation%2Cweather_code%2Ccloud_cover%2Cwind_speed_10m
2026-06-19 19:36:28,218 DEBUG GRID_EAST HTTP attempt 1 https://api.open-meteo.com/v1/forecast?latitude=-6.889&longitude=107.63722&timezone=Asia%2FJakarta&forecast_days=3&hourly=temperature_2m%2Crelative_humidity_2m%2Cprecipitation%2Cweather_code%2Ccloud_cover%2Cwind_speed_10m
2026-06-19 19:36:29,066 DEBUG GRID_WEST HTTP attempt 1 https://api.open-meteo.com/v1/forecast?latitude=-6.889&longitude=107.58278&timezone=Asia%2FJakarta&forecast_days=3&hourly=temperature_2m%2Crelative_humidity_2m%2Cprecipitation%2Cweather_code%2Ccloud_cover%2Cwind_speed_10m
2026-06-19 19:36:29,884 DEBUG GRID_NORTHEAST HTTP attempt 1 https://api.open-meteo.com/v1/forecast?latitude=-6.86989&longitude=107.62925&timezone=Asia%2FJakarta&forecast_days=3&hourly=temperature_2m%2Crelative_humidity_2m%2Cprecipitation%2Cweather_code%2Ccloud_cover%2Cwind_speed_10m
2026-06-19 19:36:30,770 DEBUG GRID_NORTHWEST HTTP attempt 1 https://api.open-meteo.com/v1/forecast?latitude=-6.86989&longitude=107.59075&timezone=Asia%2FJakarta&forecast_days=3&hourly=temperature_2m%2Crelative_humidity_2m%2Cprecipitation%2Cweather_code%2Ccloud_cover%2Cwind_speed_10m
2026-06-19 19:36:31,631 DEBUG GRID_SOUTHEAST HTTP attempt 1 https://api.open-meteo.com/v1/forecast?latitude=-6.90811&longitude=107.62925&timezone=Asia%2FJakarta&forecast_days=3&hourly=temperature_2m%2Crelative_humidity_2m%2Cprecipitation%2Cweather_code%2Ccloud_cover%2Cwind_speed_10m
2026-06-19 19:36:32,433 DEBUG GRID_SOUTHWEST HTTP attempt 1 https://api.open-meteo.com/v1/forecast?latitude=-6.90811&longitude=107.59075&timezone=Asia%2FJakarta&forecast_days=3&hourly=temperature_2m%2Crelative_humidity_2m%2Cprecipitation%2Cweather_code%2Ccloud_cover%2Cwind_speed_10m
2026-06-19 19:36:33,630 INFO Selesai.
2026-06-19 19:36:33,630 INFO Sumber sukses: 9/9
2026-06-19 19:36:33,630 INFO Total forecast point: 216
2026-06-19 19:36:33,630 INFO BMKG: OK (24/24 point) http=200 t=117ms 
2026-06-19 19:36:33,630 INFO CMA: OK (24/24 point) http=200 t=878ms 
2026-06-19 19:36:33,630 INFO ECMWF: OK (24/24 point) http=200 t=939ms 
2026-06-19 19:36:33,630 INFO GFS: OK (24/24 point) http=200 t=934ms 
2026-06-19 19:36:33,630 INFO ICON: OK (24/24 point) http=200 t=838ms 
2026-06-19 19:36:33,630 INFO KMA: OK (24/24 point) http=200 t=910ms 
2026-06-19 19:36:33,630 INFO METEOFRANCE: OK (24/24 point) http=200 t=938ms 
2026-06-19 19:36:33,631 INFO METNO: OK (24/24 point) http=200 t=1353ms 
2026-06-19 19:36:33,631 INFO UKMO: OK (24/24 point) http=200 t=853ms 
