2026-06-13 20:46:41,735 INFO Log file: C:\Users\itsme\Documents\Projects\weather-forecast\outputs\dago\logs\forecast_20260613_204641.log
2026-06-13 20:46:41,735 INFO Output dir: C:\Users\itsme\Documents\Projects\weather-forecast\outputs\dago
2026-06-13 20:46:41,736 INFO Metadata lokasi: slug=dago adm4=32.73.02.1004 bmkg_point=Dago area_level=kelurahan proxy_bmkg=False
2026-06-13 20:46:41,736 INFO Koordinat: lat=-6.889 lon=107.61 timezone=Asia/Jakarta
2026-06-13 20:46:41,736 INFO Catatan lokasi: BMKG point: Dago, Coblong, Kota Bandung
2026-06-13 20:46:41,746 INFO Mulai proses untuk lokasi Dago, Bandung
2026-06-13 20:46:41,746 INFO Target date: 2026-06-13
2026-06-13 20:46:41,746 INFO Target hours: 00:00, 01:00, 02:00, 03:00, 04:00, 05:00, 06:00, 07:00, 08:00, 09:00, 10:00, 11:00, 12:00, 13:00, 14:00, 15:00, 16:00, 17:00, 18:00, 19:00, 20:00, 21:00, 22:00, 23:00
2026-06-13 20:46:41,746 INFO Sumber aktif: BMKG, ECMWF, GFS, ICON, CMA, METEOFRANCE, KMA, UKMO, METNO
2026-06-13 20:46:41,746 INFO Bobot aktif: BMKG=1.35, CMA=0.85, ECMWF=1.2, GFS=1.0, ICON=1.05, KMA=0.9, METEOFRANCE=1.1, METNO=1.0, UKMO=0.95
2026-06-13 20:46:59,318 INFO Selesai.
2026-06-13 20:46:59,319 INFO Sumber sukses: 9/9
2026-06-13 20:46:59,319 INFO Total forecast point: 180
2026-06-13 20:46:59,319 INFO BMKG: OK (6/24 point) http=200 t=304ms 
2026-06-13 20:46:59,319 INFO CMA: OK (24/24 point) http=200 t=861ms 
2026-06-13 20:46:59,319 INFO ECMWF: OK (24/24 point) http=200 t=1904ms 
2026-06-13 20:46:59,319 INFO GFS: OK (24/24 point) http=200 t=841ms 
2026-06-13 20:46:59,319 INFO ICON: OK (24/24 point) http=200 t=861ms 
2026-06-13 20:46:59,319 INFO KMA: OK (24/24 point) http=200 t=831ms 
2026-06-13 20:46:59,319 INFO METEOFRANCE: OK (24/24 point) http=200 t=877ms 
2026-06-13 20:46:59,319 INFO METNO: OK (6/24 point) http=200 t=3436ms 
2026-06-13 20:46:59,319 INFO UKMO: OK (24/24 point) http=200 t=871ms 
