2026-06-13 20:46:59,355 INFO Log file: C:\Users\itsme\Documents\Projects\weather-forecast\outputs\dago\logs\forecast_20260613_204659.log
2026-06-13 20:46:59,355 INFO Output dir: C:\Users\itsme\Documents\Projects\weather-forecast\outputs\dago
2026-06-13 20:46:59,355 INFO Metadata lokasi: slug=dago adm4=32.73.02.1004 bmkg_point=Dago area_level=kelurahan proxy_bmkg=False
2026-06-13 20:46:59,355 INFO Koordinat: lat=-6.889 lon=107.61 timezone=Asia/Jakarta
2026-06-13 20:46:59,355 INFO Catatan lokasi: BMKG point: Dago, Coblong, Kota Bandung
2026-06-13 20:46:59,359 INFO Mulai proses untuk lokasi Dago, Bandung
2026-06-13 20:46:59,359 INFO Target date: 2026-06-14
2026-06-13 20:46:59,359 INFO Target hours: 00:00, 01:00, 02:00, 03:00, 04:00, 05:00, 06:00, 07:00, 08:00, 09:00, 10:00, 11:00, 12:00, 13:00, 14:00, 15:00, 16:00, 17:00, 18:00, 19:00, 20:00, 21:00, 22:00, 23:00
2026-06-13 20:46:59,359 INFO Sumber aktif: BMKG, ECMWF, GFS, ICON, CMA, METEOFRANCE, KMA, UKMO, METNO
2026-06-13 20:46:59,360 INFO Bobot aktif: BMKG=1.35, CMA=0.85, ECMWF=1.2, GFS=1.0, ICON=1.05, KMA=0.9, METEOFRANCE=1.1, METNO=1.0, UKMO=0.95
2026-06-13 20:47:14,600 INFO Selesai.
2026-06-13 20:47:14,600 INFO Sumber sukses: 9/9
2026-06-13 20:47:14,601 INFO Total forecast point: 216
2026-06-13 20:47:14,601 INFO BMKG: OK (24/24 point) http=200 t=95ms 
2026-06-13 20:47:14,601 INFO CMA: OK (24/24 point) http=200 t=862ms 
2026-06-13 20:47:14,601 INFO ECMWF: OK (24/24 point) http=200 t=847ms 
2026-06-13 20:47:14,601 INFO GFS: OK (24/24 point) http=200 t=1840ms 
2026-06-13 20:47:14,601 INFO ICON: OK (24/24 point) http=200 t=903ms 
2026-06-13 20:47:14,601 INFO KMA: OK (24/24 point) http=200 t=819ms 
2026-06-13 20:47:14,601 INFO METEOFRANCE: OK (24/24 point) http=200 t=850ms 
2026-06-13 20:47:14,601 INFO METNO: OK (24/24 point) http=200 t=2328ms 
2026-06-13 20:47:14,601 INFO UKMO: OK (24/24 point) http=200 t=783ms 
