2026-06-12 17:37:46,156 INFO Log file: c:\Users\itsme\Documents\Projects\weather-forecast\outputs\dago\logs\forecast_20260612_173746.log
2026-06-12 17:37:46,156 INFO Output dir: c:\Users\itsme\Documents\Projects\weather-forecast\outputs\dago
2026-06-12 17:37:46,156 INFO Metadata lokasi: slug=dago adm4=32.73.02.1004 bmkg_point=Dago area_level=kelurahan proxy_bmkg=False
2026-06-12 17:37:46,157 INFO Koordinat: lat=-6.889 lon=107.61 timezone=Asia/Jakarta
2026-06-12 17:37:46,157 INFO Catatan lokasi: BMKG point: Dago, Coblong, Kota Bandung
2026-06-12 17:37:46,173 INFO Mulai proses untuk lokasi Dago, Bandung
2026-06-12 17:37:46,244 INFO Target date: 2026-06-12
2026-06-12 17:37:46,244 INFO Target hours: 00:00, 01:00, 02:00, 03:00, 04:00, 05:00, 06:00, 07:00, 08:00, 09:00, 10:00, 11:00, 12:00, 13:00, 14:00, 15:00, 16:00, 17:00, 18:00, 19:00, 20:00, 21:00, 22:00, 23:00
2026-06-12 17:37:46,244 INFO Sumber aktif: BMKG, ECMWF, GFS, ICON, CMA, METEOFRANCE, KMA, UKMO, METNO
2026-06-12 17:37:46,245 INFO Bobot aktif: BMKG=1.35, CMA=0.85, ECMWF=1.2, GFS=1.0, ICON=1.05, KMA=0.9, METEOFRANCE=1.1, METNO=1.0, UKMO=0.95
2026-06-12 17:37:46,246 DEBUG BMKG HTTP attempt 1 https://api.bmkg.go.id/publik/prakiraan-cuaca?adm4=32.73.02.1004
2026-06-12 17:37:46,254 DEBUG ECMWF HTTP attempt 1 https://api.open-meteo.com/v1/ecmwf?latitude=-6.889&longitude=107.61&timezone=Asia%2FJakarta&forecast_days=3&hourly=temperature_2m%2Crelative_humidity_2m%2Cprecipitation%2Cweather_code%2Cwind_speed_10m
2026-06-12 17:37:46,255 DEBUG GFS HTTP attempt 1 https://api.open-meteo.com/v1/gfs?latitude=-6.889&longitude=107.61&timezone=Asia%2FJakarta&forecast_days=3&hourly=temperature_2m%2Crelative_humidity_2m%2Cprecipitation%2Cweather_code%2Cwind_speed_10m
2026-06-12 17:37:46,255 DEBUG ICON HTTP attempt 1 https://api.open-meteo.com/v1/dwd-icon?latitude=-6.889&longitude=107.61&timezone=Asia%2FJakarta&forecast_days=3&hourly=temperature_2m%2Crelative_humidity_2m%2Cprecipitation%2Cweather_code%2Cwind_speed_10m
2026-06-12 17:37:47,875 DEBUG METNO HTTP attempt 1 https://api.met.no/weatherapi/locationforecast/2.0/compact?lat=-6.889&lon=107.61
2026-06-12 17:37:49,969 DEBUG CMA HTTP attempt 1 https://api.open-meteo.com/v1/cma?latitude=-6.889&longitude=107.61&timezone=Asia%2FJakarta&forecast_days=3&hourly=temperature_2m%2Crelative_humidity_2m%2Cprecipitation%2Cweather_code%2Cwind_speed_10m
2026-06-12 17:37:50,023 DEBUG METEOFRANCE HTTP attempt 1 https://api.open-meteo.com/v1/meteofrance?latitude=-6.889&longitude=107.61&timezone=Asia%2FJakarta&forecast_days=3&hourly=temperature_2m%2Crelative_humidity_2m%2Cprecipitation%2Cweather_code%2Cwind_speed_10m
2026-06-12 17:37:50,082 DEBUG KMA HTTP attempt 1 https://api.open-meteo.com/v1/forecast?latitude=-6.889&longitude=107.61&timezone=Asia%2FJakarta&forecast_days=3&hourly=temperature_2m%2Crelative_humidity_2m%2Cprecipitation%2Cweather_code%2Cwind_speed_10m&models=kma_seamless
2026-06-12 17:37:51,726 DEBUG UKMO HTTP attempt 1 https://api.open-meteo.com/v1/forecast?latitude=-6.889&longitude=107.61&timezone=Asia%2FJakarta&forecast_days=3&hourly=temperature_2m%2Crelative_humidity_2m%2Cprecipitation%2Cweather_code%2Cwind_speed_10m&models=ukmo_seamless
2026-06-12 17:37:53,104 DEBUG GRID_CENTER HTTP attempt 1 https://api.open-meteo.com/v1/forecast?latitude=-6.889&longitude=107.61&timezone=Asia%2FJakarta&forecast_days=3&hourly=temperature_2m%2Crelative_humidity_2m%2Cprecipitation%2Cweather_code%2Ccloud_cover%2Cwind_speed_10m
2026-06-12 17:37:54,391 DEBUG GRID_NORTH HTTP attempt 1 https://api.open-meteo.com/v1/forecast?latitude=-6.86197&longitude=107.61&timezone=Asia%2FJakarta&forecast_days=3&hourly=temperature_2m%2Crelative_humidity_2m%2Cprecipitation%2Cweather_code%2Ccloud_cover%2Cwind_speed_10m
