2026-06-19 19:24:30,642 INFO Log file: C:\Users\itsme\Documents\Projects\weather-forecast\outputs\dago\logs\sync-observations_20260619_192430.log
2026-06-19 19:24:30,642 INFO Output dir: C:\Users\itsme\Documents\Projects\weather-forecast\outputs\dago
2026-06-19 19:24:30,642 INFO Metadata lokasi: slug=dago adm4=32.73.02.1004 bmkg_point=Dago area_level=kelurahan proxy_bmkg=False
2026-06-19 19:24:30,642 INFO Koordinat: lat=-6.889 lon=107.61 timezone=Asia/Jakarta
2026-06-19 19:24:30,642 INFO Catatan lokasi: BMKG point: Dago, Coblong, Kota Bandung
2026-06-19 19:24:30,649 DEBUG OBSERVATION_ARCHIVE HTTP attempt 1 https://archive-api.open-meteo.com/v1/archive?latitude=-6.889&longitude=107.61&timezone=Asia%2FJakarta&start_date=2026-06-01&end_date=2026-06-01&hourly=temperature_2m%2Crelative_humidity_2m%2Cprecipitation%2Cweather_code%2Cwind_speed_10m
2026-06-19 19:24:31,986 INFO Observasi tersimpan untuk 2026-06-01 (24 rows)
2026-06-19 19:24:31,987 DEBUG OBSERVATION_ARCHIVE HTTP attempt 1 https://archive-api.open-meteo.com/v1/archive?latitude=-6.889&longitude=107.61&timezone=Asia%2FJakarta&start_date=2026-06-02&end_date=2026-06-02&hourly=temperature_2m%2Crelative_humidity_2m%2Cprecipitation%2Cweather_code%2Cwind_speed_10m
2026-06-19 19:24:33,168 INFO Observasi tersimpan untuk 2026-06-02 (24 rows)
2026-06-19 19:24:33,168 DEBUG OBSERVATION_ARCHIVE HTTP attempt 1 https://archive-api.open-meteo.com/v1/archive?latitude=-6.889&longitude=107.61&timezone=Asia%2FJakarta&start_date=2026-06-03&end_date=2026-06-03&hourly=temperature_2m%2Crelative_humidity_2m%2Cprecipitation%2Cweather_code%2Cwind_speed_10m
2026-06-19 19:24:34,082 INFO Observasi tersimpan untuk 2026-06-03 (24 rows)
2026-06-19 19:24:34,082 DEBUG OBSERVATION_ARCHIVE HTTP attempt 1 https://archive-api.open-meteo.com/v1/archive?latitude=-6.889&longitude=107.61&timezone=Asia%2FJakarta&start_date=2026-06-04&end_date=2026-06-04&hourly=temperature_2m%2Crelative_humidity_2m%2Cprecipitation%2Cweather_code%2Cwind_speed_10m
2026-06-19 19:24:36,637 INFO Observasi tersimpan untuk 2026-06-04 (24 rows)
2026-06-19 19:24:36,637 DEBUG OBSERVATION_ARCHIVE HTTP attempt 1 https://archive-api.open-meteo.com/v1/archive?latitude=-6.889&longitude=107.61&timezone=Asia%2FJakarta&start_date=2026-06-05&end_date=2026-06-05&hourly=temperature_2m%2Crelative_humidity_2m%2Cprecipitation%2Cweather_code%2Cwind_speed_10m
2026-06-19 19:24:39,070 INFO Observasi tersimpan untuk 2026-06-05 (24 rows)
2026-06-19 19:24:39,071 DEBUG OBSERVATION_ARCHIVE HTTP attempt 1 https://archive-api.open-meteo.com/v1/archive?latitude=-6.889&longitude=107.61&timezone=Asia%2FJakarta&start_date=2026-06-06&end_date=2026-06-06&hourly=temperature_2m%2Crelative_humidity_2m%2Cprecipitation%2Cweather_code%2Cwind_speed_10m
2026-06-19 19:24:40,429 INFO Observasi tersimpan untuk 2026-06-06 (24 rows)
2026-06-19 19:24:40,429 DEBUG OBSERVATION_ARCHIVE HTTP attempt 1 https://archive-api.open-meteo.com/v1/archive?latitude=-6.889&longitude=107.61&timezone=Asia%2FJakarta&start_date=2026-06-07&end_date=2026-06-07&hourly=temperature_2m%2Crelative_humidity_2m%2Cprecipitation%2Cweather_code%2Cwind_speed_10m
2026-06-19 19:24:41,288 INFO Observasi tersimpan untuk 2026-06-07 (24 rows)
2026-06-19 19:24:41,288 DEBUG OBSERVATION_ARCHIVE HTTP attempt 1 https://archive-api.open-meteo.com/v1/archive?latitude=-6.889&longitude=107.61&timezone=Asia%2FJakarta&start_date=2026-06-08&end_date=2026-06-08&hourly=temperature_2m%2Crelative_humidity_2m%2Cprecipitation%2Cweather_code%2Cwind_speed_10m
2026-06-19 19:24:43,689 INFO Observasi tersimpan untuk 2026-06-08 (24 rows)
2026-06-19 19:24:43,689 DEBUG OBSERVATION_ARCHIVE HTTP attempt 1 https://archive-api.open-meteo.com/v1/archive?latitude=-6.889&longitude=107.61&timezone=Asia%2FJakarta&start_date=2026-06-09&end_date=2026-06-09&hourly=temperature_2m%2Crelative_humidity_2m%2Cprecipitation%2Cweather_code%2Cwind_speed_10m
2026-06-19 19:24:46,205 INFO Observasi tersimpan untuk 2026-06-09 (24 rows)
2026-06-19 19:24:46,205 DEBUG OBSERVATION_ARCHIVE HTTP attempt 1 https://archive-api.open-meteo.com/v1/archive?latitude=-6.889&longitude=107.61&timezone=Asia%2FJakarta&start_date=2026-06-10&end_date=2026-06-10&hourly=temperature_2m%2Crelative_humidity_2m%2Cprecipitation%2Cweather_code%2Cwind_speed_10m
2026-06-19 19:24:47,481 INFO Observasi tersimpan untuk 2026-06-10 (24 rows)
2026-06-19 19:24:47,481 DEBUG OBSERVATION_ARCHIVE HTTP attempt 1 https://archive-api.open-meteo.com/v1/archive?latitude=-6.889&longitude=107.61&timezone=Asia%2FJakarta&start_date=2026-06-11&end_date=2026-06-11&hourly=temperature_2m%2Crelative_humidity_2m%2Cprecipitation%2Cweather_code%2Cwind_speed_10m
2026-06-19 19:24:48,354 INFO Observasi tersimpan untuk 2026-06-11 (24 rows)
2026-06-19 19:24:48,354 DEBUG OBSERVATION_ARCHIVE HTTP attempt 1 https://archive-api.open-meteo.com/v1/archive?latitude=-6.889&longitude=107.61&timezone=Asia%2FJakarta&start_date=2026-06-12&end_date=2026-06-12&hourly=temperature_2m%2Crelative_humidity_2m%2Cprecipitation%2Cweather_code%2Cwind_speed_10m
2026-06-19 19:24:50,910 INFO Observasi tersimpan untuk 2026-06-12 (24 rows)
2026-06-19 19:24:50,911 DEBUG OBSERVATION_ARCHIVE HTTP attempt 1 https://archive-api.open-meteo.com/v1/archive?latitude=-6.889&longitude=107.61&timezone=Asia%2FJakarta&start_date=2026-06-13&end_date=2026-06-13&hourly=temperature_2m%2Crelative_humidity_2m%2Cprecipitation%2Cweather_code%2Cwind_speed_10m
2026-06-19 19:24:53,291 INFO Observasi tersimpan untuk 2026-06-13 (24 rows)
2026-06-19 19:24:53,291 DEBUG OBSERVATION_ARCHIVE HTTP attempt 1 https://archive-api.open-meteo.com/v1/archive?latitude=-6.889&longitude=107.61&timezone=Asia%2FJakarta&start_date=2026-06-14&end_date=2026-06-14&hourly=temperature_2m%2Crelative_humidity_2m%2Cprecipitation%2Cweather_code%2Cwind_speed_10m
2026-06-19 19:24:54,724 INFO Observasi tersimpan untuk 2026-06-14 (24 rows)
