2026-06-19 18:11:09,365 INFO Log file: C:\Users\itsme\Documents\Projects\weather-forecast\outputs\dago\logs\sync-observations_20260619_181109.log
2026-06-19 18:11:09,365 INFO Output dir: C:\Users\itsme\Documents\Projects\weather-forecast\outputs\dago
2026-06-19 18:11:09,365 INFO Metadata lokasi: slug=dago adm4=32.73.02.1004 bmkg_point=Dago area_level=kelurahan proxy_bmkg=False
2026-06-19 18:11:09,365 INFO Koordinat: lat=-6.889 lon=107.61 timezone=Asia/Jakarta
2026-06-19 18:11:09,365 INFO Catatan lokasi: BMKG point: Dago, Coblong, Kota Bandung
2026-06-19 18:11:09,369 DEBUG OBSERVATION_ARCHIVE HTTP attempt 1 https://archive-api.open-meteo.com/v1/archive?latitude=-6.889&longitude=107.61&timezone=Asia%2FJakarta&start_date=2026-06-01&end_date=2026-06-01&hourly=temperature_2m%2Crelative_humidity_2m%2Cprecipitation%2Cweather_code%2Cwind_speed_10m
2026-06-19 18:11:10,397 INFO Observasi tersimpan untuk 2026-06-01 (24 rows)
2026-06-19 18:11:10,397 DEBUG OBSERVATION_ARCHIVE HTTP attempt 1 https://archive-api.open-meteo.com/v1/archive?latitude=-6.889&longitude=107.61&timezone=Asia%2FJakarta&start_date=2026-06-02&end_date=2026-06-02&hourly=temperature_2m%2Crelative_humidity_2m%2Cprecipitation%2Cweather_code%2Cwind_speed_10m
2026-06-19 18:11:11,259 INFO Observasi tersimpan untuk 2026-06-02 (24 rows)
2026-06-19 18:11:11,260 DEBUG OBSERVATION_ARCHIVE HTTP attempt 1 https://archive-api.open-meteo.com/v1/archive?latitude=-6.889&longitude=107.61&timezone=Asia%2FJakarta&start_date=2026-06-03&end_date=2026-06-03&hourly=temperature_2m%2Crelative_humidity_2m%2Cprecipitation%2Cweather_code%2Cwind_speed_10m
2026-06-19 18:11:12,118 INFO Observasi tersimpan untuk 2026-06-03 (24 rows)
2026-06-19 18:11:12,118 DEBUG OBSERVATION_ARCHIVE HTTP attempt 1 https://archive-api.open-meteo.com/v1/archive?latitude=-6.889&longitude=107.61&timezone=Asia%2FJakarta&start_date=2026-06-04&end_date=2026-06-04&hourly=temperature_2m%2Crelative_humidity_2m%2Cprecipitation%2Cweather_code%2Cwind_speed_10m
2026-06-19 18:11:12,964 INFO Observasi tersimpan untuk 2026-06-04 (24 rows)
2026-06-19 18:11:12,964 DEBUG OBSERVATION_ARCHIVE HTTP attempt 1 https://archive-api.open-meteo.com/v1/archive?latitude=-6.889&longitude=107.61&timezone=Asia%2FJakarta&start_date=2026-06-05&end_date=2026-06-05&hourly=temperature_2m%2Crelative_humidity_2m%2Cprecipitation%2Cweather_code%2Cwind_speed_10m
2026-06-19 18:11:14,409 INFO Observasi tersimpan untuk 2026-06-05 (24 rows)
2026-06-19 18:11:14,410 DEBUG OBSERVATION_ARCHIVE HTTP attempt 1 https://archive-api.open-meteo.com/v1/archive?latitude=-6.889&longitude=107.61&timezone=Asia%2FJakarta&start_date=2026-06-06&end_date=2026-06-06&hourly=temperature_2m%2Crelative_humidity_2m%2Cprecipitation%2Cweather_code%2Cwind_speed_10m
2026-06-19 18:11:17,062 INFO Observasi tersimpan untuk 2026-06-06 (24 rows)
2026-06-19 18:11:17,062 DEBUG OBSERVATION_ARCHIVE HTTP attempt 1 https://archive-api.open-meteo.com/v1/archive?latitude=-6.889&longitude=107.61&timezone=Asia%2FJakarta&start_date=2026-06-07&end_date=2026-06-07&hourly=temperature_2m%2Crelative_humidity_2m%2Cprecipitation%2Cweather_code%2Cwind_speed_10m
2026-06-19 18:11:17,959 INFO Observasi tersimpan untuk 2026-06-07 (24 rows)
2026-06-19 18:11:17,959 DEBUG OBSERVATION_ARCHIVE HTTP attempt 1 https://archive-api.open-meteo.com/v1/archive?latitude=-6.889&longitude=107.61&timezone=Asia%2FJakarta&start_date=2026-06-08&end_date=2026-06-08&hourly=temperature_2m%2Crelative_humidity_2m%2Cprecipitation%2Cweather_code%2Cwind_speed_10m
2026-06-19 18:11:18,905 INFO Observasi tersimpan untuk 2026-06-08 (24 rows)
2026-06-19 18:11:18,905 DEBUG OBSERVATION_ARCHIVE HTTP attempt 1 https://archive-api.open-meteo.com/v1/archive?latitude=-6.889&longitude=107.61&timezone=Asia%2FJakarta&start_date=2026-06-09&end_date=2026-06-09&hourly=temperature_2m%2Crelative_humidity_2m%2Cprecipitation%2Cweather_code%2Cwind_speed_10m
2026-06-19 18:11:20,818 INFO Observasi tersimpan untuk 2026-06-09 (24 rows)
2026-06-19 18:11:20,819 DEBUG OBSERVATION_ARCHIVE HTTP attempt 1 https://archive-api.open-meteo.com/v1/archive?latitude=-6.889&longitude=107.61&timezone=Asia%2FJakarta&start_date=2026-06-10&end_date=2026-06-10&hourly=temperature_2m%2Crelative_humidity_2m%2Cprecipitation%2Cweather_code%2Cwind_speed_10m
2026-06-19 18:11:23,434 INFO Observasi tersimpan untuk 2026-06-10 (24 rows)
2026-06-19 18:11:23,435 DEBUG OBSERVATION_ARCHIVE HTTP attempt 1 https://archive-api.open-meteo.com/v1/archive?latitude=-6.889&longitude=107.61&timezone=Asia%2FJakarta&start_date=2026-06-11&end_date=2026-06-11&hourly=temperature_2m%2Crelative_humidity_2m%2Cprecipitation%2Cweather_code%2Cwind_speed_10m
2026-06-19 18:11:24,311 INFO Observasi tersimpan untuk 2026-06-11 (24 rows)
2026-06-19 18:11:24,311 DEBUG OBSERVATION_ARCHIVE HTTP attempt 1 https://archive-api.open-meteo.com/v1/archive?latitude=-6.889&longitude=107.61&timezone=Asia%2FJakarta&start_date=2026-06-12&end_date=2026-06-12&hourly=temperature_2m%2Crelative_humidity_2m%2Cprecipitation%2Cweather_code%2Cwind_speed_10m
2026-06-19 18:11:25,273 INFO Observasi tersimpan untuk 2026-06-12 (24 rows)
2026-06-19 18:11:25,273 DEBUG OBSERVATION_ARCHIVE HTTP attempt 1 https://archive-api.open-meteo.com/v1/archive?latitude=-6.889&longitude=107.61&timezone=Asia%2FJakarta&start_date=2026-06-13&end_date=2026-06-13&hourly=temperature_2m%2Crelative_humidity_2m%2Cprecipitation%2Cweather_code%2Cwind_speed_10m
2026-06-19 18:11:26,750 INFO Observasi tersimpan untuk 2026-06-13 (24 rows)
2026-06-19 18:11:26,750 DEBUG OBSERVATION_ARCHIVE HTTP attempt 1 https://archive-api.open-meteo.com/v1/archive?latitude=-6.889&longitude=107.61&timezone=Asia%2FJakarta&start_date=2026-06-14&end_date=2026-06-14&hourly=temperature_2m%2Crelative_humidity_2m%2Cprecipitation%2Cweather_code%2Cwind_speed_10m
2026-06-19 18:11:29,280 INFO Observasi tersimpan untuk 2026-06-14 (24 rows)
